// Jest Snapshot v1, https://goo.gl/fbAQLP

exports[`Router Component should render a basic component 1`] = `
<div>
  <Switch>
    <Route
      component={[Function]}
      exact={true}
      key="/"
      path="/"
    />
    <Route
      component={[Function]}
      exact={true}
      key="/home"
      path="/home"
    />
    <Route
      component={[Function]}
      exact={true}
      key="/settings"
      path="/settings"
    />
    <Route
      component={[Function]}
      exact={true}
      key="/dev-resources"
      path="/dev-resources"
    />
    <Route
      component={[Function]}
      exact={true}
      key="/tutorial/:id"
      path="/tutorial/:id"
    />
    <Route
      component={[Function]}
      exact={false}
      key="/tutorial/:id/task/:task/:step?"
      path="/tutorial/:id/task/:task/:step?"
    />
    <Route
      component={[Function]}
      exact={true}
      key="/oauth/callback"
      path="/oauth/callback"
    />
    <Route
      component={[Function]}
      exact={false}
      key="/congratulations/:id"
      path="/congratulations/:id"
    />
    <Route
      component={[Function]}
      exact={false}
      key="*"
      path="*"
    />
    <Redirect
      from="/"
      push={false}
      to="/home"
    />
  </Switch>
</div>
`;
